--------------------------------------------------------------------------------------
Timing Analyzer Summary
--------------------------------------------------------------------------------------

Type           : Worst-case tsu
Slack          : N/A
Required Time  : None
Actual Time    : 6.326 ns
From           : Up
To             : counter:inst1|count[2]
From Clock     : --
To Clock       : Clock
Failed Paths   : 0

Type           : Worst-case tco
Slack          : N/A
Required Time  : None
Actual Time    : 13.307 ns
From           : counter:inst|count[1]
To             : MSB[1]
From Clock     : Clock
To Clock       : --
Failed Paths   : 0

Type           : Worst-case th
Slack          : N/A
Required Time  : None
Actual Time    : 4.716 ns
From           : Reset
To             : counter:inst|carryBCD
From Clock     : --
To Clock       : Clock
Failed Paths   : 0

Type           : Clock Setup: 'Clock'
Slack          : N/A
Required Time  : None
Actual Time    : 157.11 MHz ( period = 6.365 ns )
From           : counter:inst|carryBCD
To             : counter:inst1|carryBCD
From Clock     : Clock
To Clock       : Clock
Failed Paths   : 0

Type           : Clock Hold: 'Clock'
Slack          : Not operational: Clock Skew > Data Delay
Required Time  : None
Actual Time    : N/A
From           : counter:inst1|borrowBCD
To             : counter:inst|count[0]
From Clock     : Clock
To Clock       : Clock
Failed Paths   : 11

Type           : Total number of failed paths
Slack          : 
Required Time  : 
Actual Time    : 
From           : 
To             : 
From Clock     : 
To Clock       : 
Failed Paths   : 11

--------------------------------------------------------------------------------------

